// Jest Snapshot v1, https://goo.gl/fbAQLP

exports[`FontAwesome Icons should ensure the export names have not changed unexpectedly 1`] = `
Array [
  "default",
]
`;
