// Jest Snapshot v1, https://goo.gl/fbAQLP

exports[`IconComponent should insert the expected template 1`] = `
<div
  id="root0"
  style="--ng-icon__size: 1em;"
>
  <svg
    class="feather feather-alert-circle"
    fill="none"
    stroke="currentColor"
    stroke-linecap="round"
    stroke-linejoin="round"
    style="width:var(--ng-icon__size, 1em);height:var(--ng-icon__size, 1em);stroke-width:var(--ng-icon__stroke-width, 2)"
    viewBox="0 0 24 24"
    xmlns="http://www.w3.org/2000/svg"
  >
    <circle
      cx="12"
      cy="12"
      r="10"
    />
    <line
      x1="12"
      x2="12"
      y1="8"
      y2="12"
    />
    <line
      x1="12"
      x2="12.01"
      y1="16"
      y2="16"
    />
  </svg>
</div>
`;
