// Jest Snapshot v1, https://goo.gl/fbAQLP

exports[`CryptocurrencyIcons Icons should ensure the export names have not changed unexpectedly 1`] = `
Array [
  "CryptoPac",
  "Crypto0xbtc",
  "Crypto2give",
  "CryptoAave",
  "CryptoAbt",
  "CryptoAct",
  "CryptoActn",
  "CryptoAda",
  "CryptoAdd",
  "CryptoAdx",
  "CryptoAe",
  "CryptoAeon",
  "CryptoAeur",
  "CryptoAgi",
  "CryptoAgrs",
  "CryptoAion",
  "CryptoAlgo",
  "CryptoAmb",
  "CryptoAmp",
  "CryptoAmpl",
  "CryptoAnkr",
  "CryptoAnt",
  "CryptoApex",
  "CryptoAppc",
  "CryptoArdr",
  "CryptoArg",
  "CryptoArk",
  "CryptoArn",
  "CryptoArnx",
  "CryptoAry",
  "CryptoAst",
  "CryptoAtm",
  "CryptoAtom",
  "CryptoAudr",
  "CryptoAuto",
  "CryptoAywa",
  "CryptoBab",
  "CryptoBal",
  "CryptoBand",
  "CryptoBat",
  "CryptoBay",
  "CryptoBcbc",
  "CryptoBcc",
  "CryptoBcd",
  "CryptoBch",
  "CryptoBcio",
  "CryptoBcn",
  "CryptoBco",
  "CryptoBcpt",
  "CryptoBdl",
  "CryptoBeam",
  "CryptoBela",
  "CryptoBix",
  "CryptoBlcn",
  "CryptoBlk",
  "CryptoBlock",
  "CryptoBlz",
  "CryptoBnb",
  "CryptoBnt",
  "CryptoBnty",
  "CryptoBooty",
  "CryptoBos",
  "CryptoBpt",
  "CryptoBq",
  "CryptoBrd",
  "CryptoBsd",
  "CryptoBsv",
  "CryptoBtc",
  "CryptoBtcd",
  "CryptoBtch",
  "CryptoBtcp",
  "CryptoBtcz",
  "CryptoBtdx",
  "CryptoBtg",
  "CryptoBtm",
  "CryptoBts",
  "CryptoBtt",
  "CryptoBtx",
  "CryptoBurst",
  "CryptoBze",
  "CryptoCall",
  "CryptoCc",
  "CryptoCdn",
  "CryptoCdt",
  "CryptoCenz",
  "CryptoChain",
  "CryptoChat",
  "CryptoChips",
  "CryptoChsb",
  "CryptoCix",
  "CryptoClam",
  "CryptoCloak",
  "CryptoCmm",
  "CryptoCmt",
  "CryptoCnd",
  "CryptoCnx",
  "CryptoCny",
  "CryptoCob",
  "CryptoColx",
  "CryptoComp",
  "CryptoCoqui",
  "CryptoCred",
  "CryptoCrpt",
  "CryptoCrv",
  "CryptoCrw",
  "CryptoCs",
  "CryptoCtr",
  "CryptoCtxc",
  "CryptoCvc",
  "CryptoD",
  "CryptoDai",
  "CryptoDash",
  "CryptoDat",
  "CryptoData",
  "CryptoDbc",
  "CryptoDcn",
  "CryptoDcr",
  "CryptoDeez",
  "CryptoDent",
  "CryptoDew",
  "CryptoDgb",
  "CryptoDgd",
  "CryptoDlt",
  "CryptoDnt",
  "CryptoDock",
  "CryptoDoge",
  "CryptoDot",
  "CryptoDrgn",
  "CryptoDrop",
  "CryptoDta",
  "CryptoDth",
  "CryptoDtr",
  "CryptoEbst",
  "CryptoEca",
  "CryptoEdg",
  "CryptoEdo",
  "CryptoEdoge",
  "CryptoEla",
  "CryptoElec",
  "CryptoElf",
  "CryptoElix",
  "CryptoElla",
  "CryptoEmb",
  "CryptoEmc",
  "CryptoEmc2",
  "CryptoEng",
  "CryptoEnj",
  "CryptoEntrp",
  "CryptoEon",
  "CryptoEop",
  "CryptoEos",
  "CryptoEqli",
  "CryptoEqua",
  "CryptoEtc",
  "CryptoEth",
  "CryptoEthos",
  "CryptoEtn",
  "CryptoEtp",
  "CryptoEur",
  "CryptoEvx",
  "CryptoExmo",
  "CryptoExp",
  "CryptoFair",
  "CryptoFct",
  "CryptoFil",
  "CryptoFjc",
  "CryptoFldc",
  "CryptoFlo",
  "CryptoFlux",
  "CryptoFsn",
  "CryptoFtc",
  "CryptoFuel",
  "CryptoFun",
  "CryptoGame",
  "CryptoGas",
  "CryptoGbp",
  "CryptoGbx",
  "CryptoGbyte",
  "CryptoGeneric",
  "CryptoGin",
  "CryptoGlxt",
  "CryptoGmr",
  "CryptoGno",
  "CryptoGnt",
  "CryptoGold",
  "CryptoGrc",
  "CryptoGrin",
  "CryptoGrs",
  "CryptoGrt",
  "CryptoGsc",
  "CryptoGto",
  "CryptoGup",
  "CryptoGusd",
  "CryptoGvt",
  "CryptoGxs",
  "CryptoGzr",
  "CryptoHight",
  "CryptoHns",
  "CryptoHodl",
  "CryptoHot",
  "CryptoHpb",
  "CryptoHsr",
  "CryptoHt",
  "CryptoHtml",
  "CryptoHuc",
  "CryptoHusd",
  "CryptoHush",
  "CryptoIcn",
  "CryptoIcp",
  "CryptoIcx",
  "CryptoIgnis",
  "CryptoIlk",
  "CryptoInk",
  "CryptoIns",
  "CryptoIon",
  "CryptoIop",
  "CryptoIost",
  "CryptoIotx",
  "CryptoIq",
  "CryptoItc",
  "CryptoJnt",
  "CryptoJpy",
  "CryptoKcs",
  "CryptoKin",
  "CryptoKlown",
  "CryptoKmd",
  "CryptoKnc",
  "CryptoKrb",
  "CryptoKsm",
  "CryptoLbc",
  "CryptoLend",
  "CryptoLeo",
  "CryptoLink",
  "CryptoLkk",
  "CryptoLoom",
  "CryptoLpt",
  "CryptoLrc",
  "CryptoLsk",
  "CryptoLtc",
  "CryptoLun",
  "CryptoMaid",
  "CryptoMana",
  "CryptoMatic",
  "CryptoMax",
  "CryptoMcap",
  "CryptoMco",
  "CryptoMda",
  "CryptoMds",
  "CryptoMed",
  "CryptoMeetone",
  "CryptoMft",
  "CryptoMiota",
  "CryptoMith",
  "CryptoMkr",
  "CryptoMln",
  "CryptoMnx",
  "CryptoMnz",
  "CryptoMoac",
  "CryptoMod",
  "CryptoMona",
  "CryptoMsr",
  "CryptoMth",
  "CryptoMtl",
  "CryptoMusic",
  "CryptoMzc",
  "CryptoNano",
  "CryptoNas",
  "CryptoNav",
  "CryptoNcash",
  "CryptoNdz",
  "CryptoNebl",
  "CryptoNeo",
  "CryptoNeos",
  "CryptoNeu",
  "CryptoNexo",
  "CryptoNgc",
  "CryptoNio",
  "CryptoNkn",
  "CryptoNlc2",
  "CryptoNlg",
  "CryptoNmc",
  "CryptoNmr",
  "CryptoNpxs",
  "CryptoNtbc",
  "CryptoNuls",
  "CryptoNxs",
  "CryptoNxt",
  "CryptoOax",
  "CryptoOk",
  "CryptoOmg",
  "CryptoOmni",
  "CryptoOne",
  "CryptoOng",
  "CryptoOnt",
  "CryptoOot",
  "CryptoOst",
  "CryptoOx",
  "CryptoOxt",
  "CryptoPart",
  "CryptoPasc",
  "CryptoPasl",
  "CryptoPax",
  "CryptoPaxg",
  "CryptoPay",
  "CryptoPayx",
  "CryptoPink",
  "CryptoPirl",
  "CryptoPivx",
  "CryptoPlr",
  "CryptoPoa",
  "CryptoPoe",
  "CryptoPolis",
  "CryptoPoly",
  "CryptoPot",
  "CryptoPowr",
  "CryptoPpc",
  "CryptoPpp",
  "CryptoPpt",
  "CryptoPre",
  "CryptoPrl",
  "CryptoPungo",
  "CryptoPura",
  "CryptoQash",
  "CryptoQiwi",
  "CryptoQlc",
  "CryptoQrl",
  "CryptoQsp",
  "CryptoQtum",
  "CryptoR",
  "CryptoRads",
  "CryptoRap",
  "CryptoRcn",
  "CryptoRdd",
  "CryptoRdn",
  "CryptoRen",
  "CryptoRep",
  "CryptoRepv2",
  "CryptoReq",
  "CryptoRhoc",
  "CryptoRic",
  "CryptoRise",
  "CryptoRlc",
  "CryptoRpx",
  "CryptoRub",
  "CryptoRvn",
  "CryptoRyo",
  "CryptoSafe",
  "CryptoSafemoon",
  "CryptoSai",
  "CryptoSalt",
  "CryptoSan",
  "CryptoSand",
  "CryptoSbd",
  "CryptoSberbank",
  "CryptoSc",
  "CryptoShift",
  "CryptoSib",
  "CryptoSin",
  "CryptoSkl",
  "CryptoSky",
  "CryptoSlr",
  "CryptoSls",
  "CryptoSmart",
  "CryptoSngls",
  "CryptoSnm",
  "CryptoSnt",
  "CryptoSnx",
  "CryptoSoc",
  "CryptoSol",
  "CryptoSpacehbit",
  "CryptoSpank",
  "CryptoSphtx",
  "CryptoSrn",
  "CryptoStak",
  "CryptoStart",
  "CryptoSteem",
  "CryptoStorj",
  "CryptoStorm",
  "CryptoStox",
  "CryptoStq",
  "CryptoStrat",
  "CryptoStx",
  "CryptoSub",
  "CryptoSumo",
  "CryptoSushi",
  "CryptoSys",
  "CryptoTaas",
  "CryptoTau",
  "CryptoTbx",
  "CryptoTel",
  "CryptoTen",
  "CryptoTern",
  "CryptoTgch",
  "CryptoTheta",
  "CryptoTix",
  "CryptoTkn",
  "CryptoTks",
  "CryptoTnb",
  "CryptoTnc",
  "CryptoTnt",
  "CryptoTomo",
  "CryptoTpay",
  "CryptoTrig",
  "CryptoTrtl",
  "CryptoTrx",
  "CryptoTusd",
  "CryptoTzc",
  "CryptoUbq",
  "CryptoUma",
  "CryptoUni",
  "CryptoUnity",
  "CryptoUsd",
  "CryptoUsdc",
  "CryptoUsdt",
  "CryptoUtk",
  "CryptoVeri",
  "CryptoVet",
  "CryptoVia",
  "CryptoVib",
  "CryptoVibe",
  "CryptoVivo",
  "CryptoVrc",
  "CryptoVrsc",
  "CryptoVtc",
  "CryptoVtho",
  "CryptoWabi",
  "CryptoWan",
  "CryptoWaves",
  "CryptoWax",
  "CryptoWbtc",
  "CryptoWgr",
  "CryptoWicc",
  "CryptoWings",
  "CryptoWpr",
  "CryptoWtc",
  "CryptoX",
  "CryptoXas",
  "CryptoXbc",
  "CryptoXbp",
  "CryptoXby",
  "CryptoXcp",
  "CryptoXdn",
  "CryptoXem",
  "CryptoXin",
  "CryptoXlm",
  "CryptoXmcc",
  "CryptoXmg",
  "CryptoXmo",
  "CryptoXmr",
  "CryptoXmy",
  "CryptoXp",
  "CryptoXpa",
  "CryptoXpm",
  "CryptoXpr",
  "CryptoXrp",
  "CryptoXsg",
  "CryptoXtz",
  "CryptoXuc",
  "CryptoXvc",
  "CryptoXvg",
  "CryptoXzc",
  "CryptoYfi",
  "CryptoYoyow",
  "CryptoZcl",
  "CryptoZec",
  "CryptoZel",
  "CryptoZen",
  "CryptoZest",
  "CryptoZil",
  "CryptoZilla",
  "CryptoZrx",
]
`;
